Godot Engine v4.7.2.stable.steam.ed1daf0bf - https://godotengine.org

WARNING: res://addons/gut/gui/GutSceneTheme.tres:3 - ext_resource, invalid UID: uid://c6c7gnx36opr0 - using text path instead: res://addons/gut/fonts/AnonymousPro-Regular.ttf
   at: load (scene/resources/resource_format_text.cpp:501)
   GDScript backtrace (most recent call first):
       [0] @static_initializer (res://addons/gut/utils.gd:55)
       [1] _static_init (res://addons/gut/gut_loader.gd:40)
       [2] @static_initializer (res://addons/gut/gut_loader.gd:1)
       [3] _init (res://addons/gut/gut_cmdln.gd:24)
WARNING: res://addons/gut/gui/NormalGui.tscn:5 - ext_resource, invalid UID: uid://bnh0lslf4yh87 - using text path instead: res://addons/gut/fonts/CourierPrime-Regular.ttf
   at: load (scene/resources/resource_format_text.cpp:501)
   GDScript backtrace (most recent call first):
       [0] @static_initializer (res://addons/gut/utils.gd:55)
       [1] _static_init (res://addons/gut/gut_loader.gd:40)
       [2] @static_initializer (res://addons/gut/gut_loader.gd:1)
       [3] _init (res://addons/gut/gut_cmdln.gd:24)
WARNING: res://addons/gut/gui/MinGui.tscn:4 - ext_resource, invalid UID: uid://bnh0lslf4yh87 - using text path instead: res://addons/gut/fonts/CourierPrime-Regular.ttf
   at: load (scene/resources/resource_format_text.cpp:501)
   GDScript backtrace (most recent call first):
       [0] @static_initializer (res://addons/gut/utils.gd:55)
       [1] _static_init (res://addons/gut/gut_loader.gd:40)
       [2] @static_initializer (res://addons/gut/gut_loader.gd:1)
       [3] _init (res://addons/gut/gut_cmdln.gd:24)
ERROR: Node not found: "/root/Control/BackgroundColor" (absolute path attempted from "/root/DefaultValues").
   at: get_node (scene/main/node.cpp:1972)
   GDScript backtrace (most recent call first):
       [0] @implicit_ready (res://Scenes/Autoloads/Default Values/default_values.gd:6)
ERROR: Node not found: "/root/Control/Wallpaper" (absolute path attempted from "/root/DefaultValues").
   at: get_node (scene/main/node.cpp:1972)
   GDScript backtrace (most recent call first):
       [0] @implicit_ready (res://Scenes/Autoloads/Default Values/default_values.gd:7)
default_values.gd: Couldn't find wallpaper (are you debugging a scene?)
---  GUT  ---
[1m[INFO]:  [0musing [C:/Users/User/AppData/Roaming/GodotOS] for temporary output.
Godot version:  4.7.2
GUT version:  9.7.1
[4m

res://tests/gut/test_star_system_editor_gut.gd
[0m* test_star_system_editor_instantiation_and_rendering
    [DEPRECATED]:  wait_frames has been replaced with wait_physics_frames which is counted in _physics_process.  wait_process_frames has also been added which is counted in _process.
    [DEPRECATED]:  wait_frames has been replaced with wait_physics_frames which is counted in _physics_process.  wait_process_frames has also been added which is counted in _process.
* test_star_system_editor_body_operations
    [DEPRECATED]:  wait_frames has been replaced with wait_physics_frames which is counted in _physics_process.  wait_process_frames has also been added which is counted in _process.
* test_star_system_editor_plugin_and_load
    [DEPRECATED]:  wait_frames has been replaced with wait_physics_frames which is counted in _physics_process.  wait_process_frames has also been added which is counted in _process.
* test_star_system_editor_generate_random_system
    [DEPRECATED]:  wait_frames has been replaced with wait_physics_frames which is counted in _physics_process.  wait_process_frames has also been added which is counted in _process.
    [DEPRECATED]:  wait_frames has been replaced with wait_physics_frames which is counted in _physics_process.  wait_process_frames has also been added which is counted in _process.
[1m4/4 passed.
[0m



[33m==============================================
[0m[33m= Run Summary
[0m[33m==============================================
[0m
Totals
------
Deprecated            6

Scripts               1
Tests                 4
Passing Tests         4
Asserts              35
Time              0.785s


Ran Scripts matching "test_star_system_editor_gut.gd"
[32m---- All tests passed! ----
[0m
WARNING: 7 ObjectDB instances were leaked at exit (run with `--verbose` for details).
   at: cleanup (core/object/object.cpp:2536)
ERROR: 1 resources still in use at exit (run with --verbose for details).
   at: clear (core/io/resource.cpp:822)
